 saral | Board                                                                                    example.atlassian.net 
┌───────────────────────────────────────────┐                                                                           
│ Where g goes                              │                                                                           
│ > g1   Board                    on screen │                                                                           
│   g i  An issue by key or URL             │                                                                           
│   g /  Issues by what they say            │                                                                           
│   g s  Settings                           │                                                                           
└───────────────────────────────────────────┘                                                                           
                                                                                                                        
                                                                                                                        
                                                                                                                        
                                                                                                                        
                                                                                                                        
                                                                                                                        
                                                                                                                        
                                                                                                                        
                                                                                                                        
                                                                                                                        
                                                                                                                        
                                                                                                                        
                                                                                                                        
                                                                                                                        
                                                                                                                        
                                                                                                                        
                                                                                                                        
                                                                                                                        
                                                                                                                        
                                                                                                                        
                                                                                                                        
                                                                                                                        
                                                                                                                        
                                                                                                                        
                                                                                                                        
                                                                                                                        
                                                                                                                        
                                                                                                                        
                                                                                                                        
 Board  1-9 switch view  i jump to an issue  / search issues  s settings  up/down choose  enter go there  esc cancel