 saral | Board                                                                                    example.atlassian.net 
enter open      1-9   saved query           ctrl+k commands                                                             
/     filter    g 1-9 switch view           ?      help                                                                 
                esc   back                  q      quit                                                                 
                r     refresh                                                                                           
                R     refetch everything                                                                                
                                                                                                                        
                                                                                                                        
                                                                                                                        
                                                                                                                        
                                                                                                                        
                                                                                                                        
                                                                                                                        
                                                                                                                        
                                                                                                                        
                                                                                                                        
                                                                                                                        
                                                                                                                        
                                                                                                                        
                                                                                                                        
                                                                                                                        
                                                                                                                        
                                                                                                                        
                                                                                                                        
                                                                                                                        
                                                                                                                        
                                                                                                                        
                                                                                                                        
                                                                                                                        
 g1 Board                                                                                                   ? close help