 saral | Board                                                                                    example.atlassian.net 
enter keep filter     1-9   saved query           ctrl+k commands                                                       
esc   clear filter    g 1-9 switch view           ?      help                                                           
                      esc   back                  q      quit                                                           
                      r     refresh                                                                                     
                      R     refetch everything                                                                          
                                                                                                                        
                                                                                                                        
                                                                                                                        
                                                                                                                        
                                                                                                                        
                                                                                                                        
                                                                                                                        
                                                                                                                        
                                                                                                                        
                                                                                                                        
                                                                                                                        
                                                                                                                        
                                                                                                                        
                                                                                                                        
                                                                                                                        
                                                                                                                        
                                                                                                                        
                                                                                                                        
                                                                                                                        
                                                                                                                        
                                                                                                                        
                                                                                                                        
                                                                                                                        
 Board  ? close help