 saral | Board                                                                                    example.atlassian.net 
┌────────────────────────────────────────┐                                                                              
│ What can be done here                  │                                                                              
│ enter  open the row under the cursor   │                                                                              
│ e      edit the fields of this issue   │                                                                              
│ t      change the status of this issue │                                                                              
└────────────────────────────────────────┘                                                                              
                                                                                                                        
                                                                                                                        
                                                                                                                        
                                                                                                                        
                                                                                                                        
                                                                                                                        
                                                                                                                        
                                                                                                                        
                                                                                                                        
                                                                                                                        
                                                                                                                        
                                                                                                                        
                                                                                                                        
                                                                                                                        
                                                                                                                        
                                                                                                                        
                                                                                                                        
                                                                                                                        
                                                                                                                        
                                                                                                                        
                                                                                                                        
                                                                                                                        
 Board  up/down choose  enter do  esc close