 saral | Board                                            example.atlassian.net 
board body                                                                      
                                                                                
                                                                                
                                                                                
                                                                                
                                                                                
                                                                                
                                                                                
                                                                                
                                                                                
                                                                                
                                                                                
                                                                                
                                                                                
                                                                                
                                                                                
                                                                                
x the token cannot move issues on this board                                    
 Board                                                                       ? q