PROJ-1  Add the nightly export
o Epic | ~ Building | Normal | Grace Hopper | updated 02 Mar 2026 09:00 | 1 change unsaved  s sav...
----------------------------------------------------------------------------------------------------
|Add the nightly export.                                         |Details                           
|                                                                |  Summary      Add the nightly ...
|- Filed against PROJ-1.                                         |  Description  4 lines            
|- Only happens for accounts created before the migration.       |  Type         o Epic             
|                                                                |  Status       ~ Building         
|                                                                |  Priority     N Normal           
|                                                                |  Assignee     Grace Hopper       
|                                                                |  Project      PROJ PROJ Project  
|                                                                |  Reporter     Alan Turing        
|                                                                |  Due          not set            
|                                                                |  Created      02 Mar 2025 10:00  
|                                                                |  Labels       frontend           
|                                                                |Fields                            
|                                                                |->Effort       * 5  (was 3)       
|                                                                |  Phase        Pilot              
|                                                                |  Checklist    not set            
|                                                                |  Story Points 2                  
|                                                                |  8 more, all empty               
|                                                                |  1 more, hidden as Jira's own ...
|                                                                |PROJ-1 | no comments         write
|                                                                |----------------------------------
|                                                                |  Nobody has commented on PROJ-...
|                                                                |  Press a to write the first one. 
|                                                                |                                  
|                                                                |                                  
|                                                                |                                  
|                                                                |                                  
|                                                                |                                  
|                                                                |                                  
|                                                                |                                  
|                                                                |                                  
|                                                                |                                  
|                                                                |                                  
|                                                                |                                  
|                                                                |                                  
|                                                                |                                  
|                                                                |                                  
