Edit PROJ-6  * unsaved
   Summary      Speed up session expiry twice over  * changed
   Description  4 lines
   Priority     < Normal >
   Labels       not set
   Due          2025-03-16

Save these changes to PROJ-6?
   Summary      "Speed up session expiry" -> "Speed up session expiry twice over"
   Priority     "Urgent" -> "Normal"
y saves, any other key goes back
















