Edit PROJ-6
-> Summary      Speed up session expiry
   Description  not read
   Description could not be read: you need Browse Projects in PROJ
   Priority     Urgent
   Labels       not read
   Labels could not be read: you need Browse Projects in PROJ
   Due          not read
   Due could not be read: you need Browse Projects in PROJ

enter changes the field under the cursor
















