PROJ-12  Retire the nightly export
Story | Triage (to do) | Urgent | unassigned | updated 03 Mar 2025 10:00
--------------------------------------------------------------------------------
|Retire the nightly export.                                                     
|                                                                               
|- Filed against PROJ-12.                                                       
|- The old ticket for this was closed as cannot reproduce.                      
|- Waiting on a decision.                                                       
|                                                                               
|                                                                               
|                                                                               
|                                                                               
|                                                                               
|                                                                               
|                                                                               
|                                                                               
|                                                                               
|                                                                               
|                                                                               
|                                                                               