PROJ-1  
o unknown | . unknown | unassigned
----------------------------------------------------------------------------------------------------
|The issue could not be read.                                    |Details                           
|                                                                |  The issue could not be read.    
|                                                                |->Summary      not asked for      
|                                                                |  Description  not asked for      
|                                                                |  Status       not set            
|                                                                |  Priority     not asked for      
|                                                                |  Assignee     not asked for      
|                                                                |  Due          not asked for      
|                                                                |  Labels       not asked for      
|                                                                |PROJ-1 | reading the thread...    
|                                                                |----------------------------------
|                                                                |  No Jira connection in this se...
|                                                                |                                  
|                                                                |                                  
|                                                                |                                  
|                                                                |                                  
|                                                                |                                  
|                                                                |                                  
|                                                                |                                  
|                                                                |                                  
|                                                                |                                  
|                                                                |                                  
|                                                                |                                  
|                                                                |                                  
|                                                                |                                  
|                                                                |                                  
|                                                                |                                  