PROJ-10  Investigate the release checklist
Defect | Building | Normal | Grace Hopper | updated 03 Mar 2025 06:00
------------------------------------------------------------------------------------------------------------------------
Investigate the release checklist.                                                                                      
                                                                                                                        
- Filed against PROJ-10.                                                                                                
- Reproduced on staging twice in a row.                                                                                 
                                                                                                                        
Details                                                                                                                 
  Reporter     Alan Turing                                                                                              
  Project      PROJ PROJ Project                                                                                        
  Labels       customer                                                                                                 
  Fix versions 1.0                                                                                                      
  Created      02 Mar 2025 19:00                                                                                        
  Parent       PROJ-1 Add the nightly export                                                                            
                                                                                                                        
Comments (1)                                                                                                            
  Sam Tester | 02 Mar 2026 09:00                                                                                        
    Still readable.                                                                                                     
                                                                                                                        
                                                                                                                        
                                                                                                                        
                                                                                                                        
                                                                                                                        
                                                                                                                        
                                                                                                                        
                                                                                                                        
                                                                                                                        
                                                                                                                        
                                                                                                                        