PROJ-10  Investigate the release checklist
Defect | Building (in progress) | Normal | Grace Hopper | updated 03 Mar 2025 06:00
------------------------------------------------------------------------------------------------------------------------
|Investigate the release checklist.                                             |Details                                
|                                                                               |  Project      PROJ PROJ Project       
|- Filed against PROJ-10.                                                       |  Reporter     Alan Turing             
|- Reproduced on staging twice in a row.                                        |  Created      02 Mar 2025 19:00       
|                                                                               |  Labels       customer                
|                                                                               |  Fix versions 1.0                     
|                                                                               |Parent                                 
|                                                                               |    PROJ-1  Building  Add the nightl...
|                                                                               |Fields                                 
|                                                                               |  Story Points 3                       
|                                                                               |  4 more, all empty                    
|                                                                               |  1 more, hidden as Jira's own bookk...
|                                                                               |PROJ-10 | 1 comment                    
|                                                                               |---------------------------------------
|                                                                               |> Sam Tester | 02 Mar 2026 09:00       
|                                                                               |    Still readable.                    
|                                                                               |                                       
|                                                                               |                                       
|                                                                               |                                       
|                                                                               |                                       
|                                                                               |                                       
|                                                                               |                                       
|                                                                               |                                       
|                                                                               |                                       
|                                                                               |                                       
|                                                                               |                                       
|                                                                               |                                       