PROJ-99  Retire the old exporter
o unknown | . unknown | unassigned
----------------------------------------------------------------------------------------------------
|The issue could not be read.                                    |Details                           
|                                                                |  PROJ-99 could not be opened: it 
|                                                                |  does not exist, or this account 
|                                                                |  cannot browse its project.      
|                                                                |->Summary      not asked for      
|                                                                |  Description  not asked for      
|                                                                |  Status       not set            
|                                                                |  Priority     not asked for      
|                                                                |  Assignee     not asked for      
|                                                                |  Due          not asked for      
|                                                                |  Labels       not asked for      
|                                                                |PROJ-99 | reading the thread...   
|                                                                |----------------------------------
|                                                                |  Reading the thread...           
|                                                                |                                  
|                                                                |                                  
|                                                                |                                  
|                                                                |                                  
|                                                                |                                  
|                                                                |                                  
|                                                                |                                  
|                                                                |                                  
|                                                                |                                  
|                                                                |                                  
|                                                                |                                  