PROJ-1  Add the nightly export
o Epic | ~ Building (in progress) | Normal | Grace Hopper | updated 02 Mar 2025 12:00
----------------------------------------------------------------------------------------------------
|Add the nightly export.                                         |Details                           
|                                                                |  Summary      Add the nightly ...
|- Filed against PROJ-1.                                         |  Description  4 lines            
|- Only happens for accounts created before the migration.       |  Status       Building           
|                                                                |->Priority                        
|                                                                |    Urgent                        
|                                                                |  -> Normal  (current)            
|                                                                |    Whenever                      
|                                                                |  Assignee     Grace Hopper       
|                                                                |  Project      PROJ PROJ Project  
|                                                                |  Reporter     Alan Turing        
|                                                                |  Due          not set            
|                                                                |  Created      02 Mar 2025 10:00  
|                                                                |  Labels       frontend           
|                                                                |Fields                            
|                                                                |  customfield_13401 2             
|                                                                |  customfield_13404 0|i00001:     
|                                                                |PROJ-1 | no comments         write
|                                                                |----------------------------------
|                                                                |  Nobody has commented on PROJ-...
|                                                                |  Press a to write the first one. 
|                                                                |                                  
|                                                                |                                  
|                                                                |                                  
|                                                                |                                  