PROJ-4  pinned fields
Story | Building (in progress) | unassigned
------------------------------------------------------------------------------------------
|No description.                                       |Details                           
|                                                      |  Project      PROJ Pinning       
|                                                      |  Reporter     not asked for      
|                                                      |  Resolution   not asked for      
|                                                      |  Resolved     not asked for      
|                                                      |  Due          not asked for      
|                                                      |  Created      not asked for      
|                                                      |  Labels       not asked for      
|                                                      |  Components   not asked for      
|                                                      |  Fix versions not asked for      
|                                                      |  Time         not asked for      
|                                                      |  Parent       not asked for      
|                                                      |  Subtasks     not asked for      
|                                                      |  Links        not asked for      
|                                                      |Pinned                            
|                                                      |  Alpha        one                
|                                                      |Fields                            
|                                                      |  Bravo        two                
|                                                      |  Charlie      three              
|                                                      |  Delta        four               
|                                                      |PROJ-4 | no comments         write
|                                                      |----------------------------------
|                                                      |  Nobody has commented on PROJ-...
|                                                      |  Press a to write the first one. 
|                                                      |                                  
|                                                      |                                  
|                                                      |                                  
|                                                      |                                  
|                                                      |                                  
|                                                      |                                  
|                                                      |                                  
|                                                      |                                  
|                                                      |                                  
|                                                      |                                  
|                                                      |                                  
|                                                      |                                  
|                                                      |                                  