PROJ-12  Rewrite the invoice export
o Story | ~ In Progress | unassigned
------------------------------------------------------------------------------------------------------------------------
|No description.                                                                |Details                                
|                                                                               |  Summary      Rewrite the invoice e...
|                                                                               |  Description  empty                   
|                                                                               |  Type         o Story                 
|                                                                               |  Status       ~ In Progress           
|                                                                               |  Priority     not set                 
|                                                                               |  Assignee     unassigned              
|                                                                               |  Project      PROJ Billing            
|                                                                               |  Due          not set                 
|                                                                               |  Labels       not set                 
|                                                                               |Parent                                 
|                                                                               |    PROJ-3   In Progress  Billing re...
|                                                                               |Subtasks                               
|                                                                               |    PROJ-31  Done         Split the ...
|                                                                               |->  PROJ-32  To Do        Drop the c...
|                                                                               |blocks                                 
|                                                                               |    PROJ-40  To Do        Ship 2.0     
|                                                                               |is blocked by                          
|                                                                               |    OPS-7    In Review    Rotate the...
|                                                                               |PROJ-12 | reading the thread...   write
|                                                                               |---------------------------------------
|                                                                               |  Reading the thread...                
|                                                                               |                                       
|                                                                               |                                       
|                                                                               |                                       
|                                                                               |                                       
|                                                                               |                                       
|                                                                               |                                       
|                                                                               |                                       
|                                                                               |                                       
|                                                                               |                                       
|                                                                               |                                       
|                                                                               |                                       
|                                                                               |                                       
|                                                                               |                                       