PROJ-12  Rewrite the invoice export
<> Story | ~ In Progress | unassigned
------------------------------------------------------------------------------------------------------------------------
|No description.                                                                |Details                                
|                                                                               |  Summary      Rewrite the invoice e...
|                                                                               |  Description  empty                   
|                                                                               |  Type         <> Story                
|                                                                               |  Status       ~ In Progress           
|                                                                               |  Priority     not set                 
|                                                                               |  Assignee     unassigned              
|                                                                               |  Project      PROJ Billing            
|                                                                               |  Due          not set                 
|                                                                               |  Labels       not set                 
|                                                                               |Children · 12 · 4 done                 
|                                                                               |    PROJ-31  Done         Split the ...
|                                                                               |->  PROJ-32  To Do        Drop the c...
|                                                                               |    PROJ-33  In Progress  Write the ...
|                                                                               |    PROJ-34  Done         Backfill l...
|                                                                               |    PROJ-35  To Do        Announce t...
|                                                                               |    PROJ-36  To Do        Remove the...
|                                                                               |    PROJ-50  Done         Split the ...
|                                                                               |    PROJ-51  To Do        Drop the c...
|                                                                               |    +4 more · c lists them all         
|                                                                               |blocks                                 
|                                                                               |    PROJ-40  To Do        Ship 2.0     
|                                                                               |is blocked by                          
|                                                                               |    OPS-7    In Review    Rotate the...
|                                                                               |PROJ-12 | reading the thread...   write
|                                                                               |---------------------------------------
|                                                                               |  Reading the thread...                
|                                                                               |                                       
|                                                                               |                                       
|                                                                               |                                       
|                                                                               |                                       
|                                                                               |                                       
|                                                                               |                                       
|                                                                               |                                       
|                                                                               |                                       