 saral | PROJ-9                                                                            PROJ | example.atlassian.net 
PROJ-9  Rework the mobile layout                                                                                        
Story | Triage (to do) | Urgent | Ada Lovelace | updated 03 Mar 2025 04:00                                              
------------------------------------------------------------------------------------------------------------------------
|Rework the mobile layout.                                                      |Details                                
|                                                                               |  Project      PROJ PROJ Project       
|- Filed against PROJ-9.                                                        |  Reporter     Grace Hopper            
|- Small change, but it touches the shared client.                              |  Created      02 Mar 2025 18:00       
|                                                                               |  Time         5h estimated, 2h30m r...
|                                                                               |Fields                                 
|                                                                               |  Rank         0|i00009:               
|                                                                               |  5 more, all empty                    
|                                                                               |PROJ-9 | 1 comment  write  edit  delete
|                                                                               |---------------------------------------
|                                                                               |> Sam Tester | 02 Mar 2026 09:00       
|                                                                               |    A comment worth a line or two, and 
|                                                                               |    a second sentence to wrap.         
|                                                                               |                                       
|                                                                               |                                       
|                                                                               |                                       
|                                                                               |                                       
|                                                                               |                                       
|                                                                               |                                       
|                                                                               |                                       
|                                                                               |                                       
|                                                                               |                                       
|                                                                               |                                       
|                                                                               |                                       
|                                                                               |                                       
|                                                                               |                                       
|                                                                               |                                       
|                                                                               |                                       
|                                                                               |                                       
|                                                                               |                                       
|                                                                               |                                       
|                                                                               |                                       
|                                                                               |                                       
 Issues  tab pane  e edit  t status  C comment                                                                     ? esc