 saral | PROJ-6                                                        PROJ | example.atlassian.net 
PROJ-6  Speed up session expiry                                                                     
Story | Triage | Urgent | Ada Lovelace | updated 02 Mar 2025 22:00                                  
----------------------------------------------------------------------------------------------------
Speed up session expiry.                                                                            
                                                                                                    
- Filed against PROJ-6.                                                                             
- Only happens for accounts created before the migration.                                           
                                                                                                    
Details                                                                                             
  Reporter     Grace Hopper                                                                         
  Project      PROJ PROJ Project                                                                    
  Fix versions 1.0                                                                                  
  Due          2025-03-16                                                                           
  Created      02 Mar 2025 15:00                                                                    
                                                                                                    
Comments (1)                                                                                        
  Sam Tester | 02 Mar 2026 09:00                                                                    
    A comment worth a line or two, and a second sentence to wrap.                                   
                                                                                                    
                                                                                                    
                                                                                                    
                                                                                                    
                                                                                                    
                                                                                                    
                                                                                                    
                                                                                                    
 Issues  e edit  t status  c comment                                                           ? esc