 saral | PROJ-6                                                        PROJ | example.atlassian.net 
PROJ-6 | 1 comment                                                               write  edit  delete
----------------------------------------------------------------------------------------------------
> Sam Tester | 02 Mar 2026 09:00                                                                    
    A comment worth a line or two, and a second sentence to wrap.                                   
                                                                                                    
                                                                                                    
                                                                                                    
                                                                                                    
                                                                                                    
                                                                                                    
                                                                                                    
                                                                                                    
                                                                                                    
                                                                                                    
                                                                                                    
                                                                                                    
                                                                                                    
                                                                                                    
                                                                                                    
                                                                                                    
                                                                                                    
                                                                                                    
                                                                                                    
                                                                                                    
                                                                                                    
                                                                                                    
 Issues  a write  e edit  d delete                                                             ? esc