 saral | PROJ-10                                                       PROJ | example.atlassian.net 
PROJ-10 | 1 comment                                                              write  edit  delete
----------------------------------------------------------------------------------------------------
> Sam Tester | 02 Mar 2026 09:00                                                                    
    A comment worth a line or two, and a second sentence to wrap.                                   
                                                                                                    
                                                                                                    
                                                                                                    
                                                                                                    
                                                                                                    
                                                                                                    
                                                                                                    
                                                                                                    
                                                                                                    
                                                                                                    
                                                                                                    
                                                                                                    
                                                                                                    
                                                                                                    
                                                                                                    
                                                                                                    
                                                                                                    
                                                                                                    
                                                                                                    
A new comment on PROJ-10                                       ctrl+s sends  esc keeps it as a draft
Half of what I meant to say                                                                         
                                                                                                    
 Issues  ctrl+s send  esc put it aside