 saral | PROJ-9                                                                            PROJ | example.atlassian.net 
PROJ-9  Rework the mobile layout                                                                                        
o Story | o Triage (to do) | Urgent | Ada Lovelace | updated 03 Mar 2025 04:00                                          
------------------------------------------------------------------------------------------------------------------------
|Rework the mobile layout.                                                      |Details                                
|                                                                               |->Summary      Rework the mobile layout
|- Filed against PROJ-9.                                                        |  Description  4 lines                 
|- Small change, but it touches the shared client.                              |  Status       Triage                  
|                                                                               |  Priority     Urgent                  
|                                                                               |  Assignee     Ada Lovelace            
|                                                                               |  Project      PROJ PROJ Project       
|                                                                               |  Reporter     Grace Hopper            
|                                                                               |  Due          not set                 
|                                                                               |  Created      02 Mar 2025 18:00       
|                                                                               |  Labels       not set                 
|                                                                               |  Time         5h estimated, 2h30m r...
|                                                                               |  5 more, all empty                    
|                                                                               |  1 more, hidden as Jira's own bookk...
|                                                                               |PROJ-9 | 1 comment  write  edit  delete
|                                                                               |---------------------------------------
|                                                                               |> Sam Tester | 02 Mar 2026 09:00       
|                                                                               |    A comment worth a line or two, and 
|                                                                               |    a second sentence to wrap.         
|                                                                               |                                       
|                                                                               |                                       
|                                                                               |                                       
|                                                                               |                                       
|                                                                               |                                       
|                                                                               |                                       
|                                                                               |                                       
|                                                                               |                                       
|                                                                               |                                       
|                                                                               |                                       
|                                                                               |                                       
|                                                                               |                                       
|                                                                               |                                       
|                                                                               |                                       
 Issues  tab pane  e edit  E open in $EDITOR  t status  C comment                                                  ? esc