PROJ-1  Add the nightly export
2 links
--------------------------------------------------------------------------------
holds up
  PROJ-2  Rework webhook retries  · Shipped
is held up by
  PROJ-3  Investigate the onboarding wizard  · Triage





How is it linked?
>                                                                              
  holds up
  is held up by
  echoes
  is echoed by
  leans on
  is leaned on by