PROJ-3  Investigate the onboarding wizard
Story | Triage (to do) | Urgent | Ada Lovelace | updated 02 Mar 2025 16:00
------------------------------------------------------------------------------------------
#Paragraph 1 of something worth several lines when the |Details                           
#pane is narrow.                                       |  Project      PROJ PROJ Project  
#                                                      |  Reporter     Grace Hopper       
#Paragraph 2 of something worth several lines when the |  Created      02 Mar 2025 12:00  
#pane is narrow.                                       |Fields                            
#                                                      |  customfield_13404 0|i00003:     
#Paragraph 3 of something worth several lines when the |PROJ-3 | 1 comment                
#pane is narrow.                                       |----------------------------------
#                                                      |> Sam Tester | 02 Mar 2026 09:00  
#Paragraph 4 of something worth several lines when the |    Reproduced on staging, twice. 
|pane is narrow.                                       |                                  
|                                                      |                                  
|Paragraph 5 of something worth several lines when the |                                  
|pane is narrow.                                       |                                  
|                                                      |                                  
|Paragraph 6 of something worth several lines when the |                                  
|pane is narrow.                                       |                                  
|                                                      |                                  
|Paragraph 7 of something worth several lines when the |                                  
|pane is narrow.                                       |                                  
|                                                      |                                  
|Paragraph 8 of something worth several lines when the |                                  
|pane is narrow.                                       |                                  
|                                                      |                                  
|Paragraph 9 of something worth several lines when the |                                  