  nothing is being filtered out
------------------------------------------------------------------------------------------------------ what to filter by
>   assignee                                      needs the Browse users and groups permission                          
    reporter                                      needs the Browse users and groups permission                          
    status                                                                                                              
    type                                                                                                                
    priority                                                                                                            
    label                                                                                                               











