  nothing is being filtered out
------------------------------------------------------------------------------------------------------ what to filter by
>   assignee                                                                                                            
    reporter                                                                                                            
    status                                                                                                              
    type                                                                                                                
    priority                                                                                                            
    label                                                                                                               











