> which assignee?                                                                                                       
------------------------------------------------------------------------------------------------------------- 1 assignee
>   unassigned                                    nobody is on it                                                       
















  needs the Browse users and groups permission