> zzz                                                                                                                   
----------------------------------------------------------------------------------------------------------------- 0 of 3
  No priority here matches "zzz".
  e on the list edits the search by hand.















