> ada                                                                                                                   
----------------------------------------------------------------------------------------------------------------- 1 of 5
>   Ada Lovelace                                  ada@example.invalid                                                   
















