> which assignee?                                                                                                       
------------------------------------------------------------------------------------------------------------- 5 accounts
>   unassigned                                    nobody is on it                                                       
    Ada Lovelace                                  ada@example.invalid                                                   
    Grace Hopper                                  grace@example.invalid                                                 
    Sam Tester                                    sam@example.invalid                                                   
    Alan Turing                                   inactive                                                              












