> which status?                                                                 
--------------------------------------------------------------------- 4 statuses
>   Triage                                        Story, Defect, Chore, Epic,...
    Building                                      Story, Defect, Chore, Epic    
    Shipped                                       Story, Defect, Chore, Epic,...
    Building                                      Offshoot                      













