  Put 2.0 on issues
----------------------------------------------------------------------------------------------------
  Which issues, as JQL:
  > project = "PROJ"                                                                                

  enter shows what would change · tab takes it off instead · esc leaves









