  Put 2.0 on issues
----------------------------------------------------------------------------------------------------
  2.0 is on 8 of 9 issues; the site refused 1.
  PROJ-2      needs the Edit Issues permission                                                      











  the refusals are listed above · e runs another query · esc leaves