  PROJ unreleased · 2 of 3 versions · sort: name v · read 09:00 · open counts are read when a version is released
  version      state      open  starts     releases   description                                                       
  3.0          unreleased ?                           Not planned yet                                                   
> 2.0          unreleased ?     2026-02-02 2026-04-02 The one being worked on                                           











