  PROJ matching "zzz" · 0 of 3 versions · read 09:00
  version      state      open  starts     releases   description                                                       
  No version matches what is narrowing the list.
  Narrowed by text "zzz" (/).











/ zzz                                                                                                                 