  PROJ matching "2" · 1 of 3 versions · read 09:00 · open counts are read whe...
  version      state      open  starts     releases   description               
> 2.0          unreleased ?     2026-02-02 2026-04-02 The one being worked on   












/ 2                                                                           