  Release 2.0
----------------------------------------------------------------------------------------------------
  12 issues are still open on 2.0.

> Release 2.0 anyway                                              the 12 open issues stay on it     
  Move them to another version                                    1 version to move them to         
  Take 2.0 off the open issues                                    they end up with no fix version   






