  PROJ 3 versions · 1 released · read 09:00 · open counts are read when a version is released
  version      state      open  starts     releases   description                                                       
> 1.0          released   ?     2025-11-02 2026-01-02 The first release                                                 
  2.0          unreleased ?     2026-02-02 2026-04-02 The one being worked on                                           
  3.0          unreleased ?                           Not planned yet                                                   









  a new version
  name        4.0
  description 
  starts      > soon                                                                                                    
  releases    
  starts has to be a date like 2026-03-05, not "soon"