  Delivery: 11 releases from EX, OPS, WEB   cross-space release = one release across several projects ("spaces")
  by cross-space release · 11 versions · 2 released · 2 excluded by the plan, shown, . hides · read 09:00
  version      project  state      open  starts     releases   description                                              
v Spring launch   4 of 4 · EX, OPS, WEB · 2026-02-01 to 2026-04-30 · 1 of 4 released                                    
  2.4.0        EX       overdue    ?     2026-02-01 2026-03-01 checkout rewrite                                         
  2.3.0        EX       released   ?     2026-02-01 2026-02-20                                                          
  ops-2026.3   OPS      unreleased ?     2026-02-10 2026-04-15                                                          
  web-7        WEB      unreleased ?     2026-02-15 2026-04-30                                                          
v Summer launch   3 of 3 · EX, OPS · 2026-05-01 to 2026-07-31 · 0 of 3 released                                         
  2.5.0        EX       unreleased ?     2026-05-01 2026-06-15                                                          
  2.6.0        EX       unreleased ?     2026-06-01 2026-07-31                                                          
  ops-2026.4   OPS      unreleased ?     2026-05-10 2026-07-20                                                          
v not in a cross-space release   4 of 4                                                                                 
  web-8        WEB      unreleased ?     2026-05-20 2026-08-15                                                          
  1.9.x-hotfix id 10400 unreleased ?                2026-03-10                                                          
  ops-2026.1   OPS      released   ?                2026-01-20 excluded by the plan                                     
  web-hotfix   WEB      archived   ?                           excluded by the plan                                     












  board 18 left out: the site named no project behind it