  the site's plans
----------------------------------------------------------------------------------------------------------------- 1 plan
> Delivery                                      Active      read from the site                                          
    source    project EX                                                                                                
    source    project OPS                                                                                               
    source    project WEB                                                                                               
    releases  6 across EX, OPS, WEB - enter browses                                                                     
              2 cross-space releases, 1 excluded by the plan                                                            











