  plans defined in this profile
---------------------------------------------------------------------------------------------------------------- 2 plans
> Q3 delivery                                   profile     defined in this profile                                     
  Everything open                               profile     defined in this profile                                     















  the Plans API needs Administer Jira