  the site's plans
------------------------------------------------------------------------- 1 plan
> Delivery                              Active      read from the site          
    source    board 17, projects EX, OPS                                        
    source    board 18                                                          
    source    board 19                                                          
    releases  1.0  released  project EX                                         
              2.0  unreleased  project OPS                                      
              board 18 left out: the site named no project behind it, which i...
              board 19 left out: The requested board cannot be viewed because...









