  the site's plans
----------------------------------------------------------------------------------------------------------------- 1 plan
> Delivery                                      Active      read from the site                                          
    source    board 17, projects EX, OPS                                                                                
    source    board 18                                                                                                  
    source    board 19                                                                                                  
    releases  2 across EX, OPS - enter browses                                                                          
              1 cross-space release, 1 excluded by the plan                                                             
              board 18 left out: the site named no project behind it, which is also what it answers for a board you c...
              board 19 left out: The requested board cannot be viewed because it either does not exist or you do not ...









