  the files attached to PROJ-1
---------------------------------------------------------------- 3 files . 42 KB
> screenshot.png                          2.0 KB  Sam Tester          2026-03-02
  handover.pdf                             40 KB  Sam Tester          2026-03-02
  capture                                    3 B  Sam Tester          2026-03-02
-- screenshot.png ---------------------------------------------------- 2.0 KB --
  enter shows screenshot.png here.
















