  the files attached to PROJ-1
-------------------------------------------------------------------------------------------------------- 3 files . 42 KB
-- screenshot.png -------------------------------------------------------------------------------------------- 2.0 KB --
  enter shows screenshot.png here.



















