Move 3 issues out of PROJ
-------------------------------------------------------------------------------------------------- what OTHER insists on
into OTHER as Story
->Erfassungsart *                           -> Eins                                                                     
  Kostenstelle *                            kept from the source issue; this site offered no values to set instead      














