Move 3 issues out of PROJ
------------------------------------------------------------------------------------------------------------------- done
1 issue moved to OTHER, and 2 issues did not:
  PROJ-2                                    did not move                                                                
  PROJ-3                                    did not move                                                                














