Move 3 issues out of PROJ
------------------------------------------------------------------------------------------------------- which issue type
into OTHER
->Story                                                                                                                 
  Defect                                                                                                                
  Chore                                                                                                                 
  Epic                                                                                                                  
  Offshoot                                  subtask type                                                                











