Timeline of PROJ                                checked 09:00  6 of 6 dated, 18 hidden by filter  2025-02-24 -> 2026-03-30  one column: week
  KEY      SUMMARY                                 SOURCE      Mar  Apr May Jun  Jul Aug Sep  Oct Nov Dec  Jan Feb Mar                      
--------------------------------------------------------------||----|---|---|----|---|---|----|---|---|----|---|---v------------------------
                                                                                                          *1.0         *2.0                 
                                                                                                               | |  |                       
> PROJ-1   Add the nightly export                  one date   *                                                    |                        
  PROJ-10  Investigate the release checklist       guessed    ---------------------------------------------        |                        
  PROJ-13  Speed up webhook retries                one date   *                                                    |                        
  PROJ-7   Fix the search index                    one date   *                                                    |                        
  PROJ-19  Retire invoice rounding                 one date    *                                                   |                        
  PROJ-22  Add the login flow                      guessed     --------------------------------------------        |                        










PROJ-1  2025-03-02  the one date there is (created)
assignee: Grace Hopper x  ctrl+g clears everything
one thing worth knowing about these dates — n says what they are