Timeline of PROJ                             checked 09:00  24 of 24 dated  week
  KEY      SUMMARY             SOURCE        Aug Sep  Oct Nov Dec  Jan Feb Mar  
---------------------------------------------|---|----|---|---|----|---|---v----
                                                                  *1.0         *
                                                                       | |  |   
> PROJ-1   Add the nightly...  one date                                    |    
  PROJ-10  Investigate the...  guessed    -------------------------        |    
  PROJ-11  Document the lo...  one date                                    |    
  PROJ-12  Retire the nigh...  guessed    --------------------------------------
  PROJ-13  Speed up webhoo...  one date                                    |    
  PROJ-14  Fix the onboard...  guessed    -------------------------        |    
  PROJ-2   Rework webhook ...  guessed    -------------------------        |    
  PROJ-3   Investigate the...  one date                                    |    
  PROJ-4   Document CSV im...  guessed    --------------------------------------
  PROJ-5   Retire the audi...  one date                                    |    
  PROJ-6   Speed up sessio...  guessed    -------------------------        |    
  PROJ-7   Fix the search ...  one date                                    |    
  PROJ-8   Add invoice rou...  guessed    --------------------------------------
PROJ-1  2025-03-02  the one date there is (created)
one thing worth knowing about these dates — n says what they are