Timeline of PROJ                                                     checked 09:00  0 of 0 dated  2025-12-29 -> 2026-03-30  one column: week
  KEY     SUMMARY                                  SOURCE      Jan Feb Mar                                                                  
--------------------------------------------------------------||---|---v--------------------------------------------------------------------
                                                              *1.0         *2.0                                                             
                                                                   | |  |                                                                   
  Nothing matches this search.
  project = "PROJ" ORDER BY created ASC












one thing worth knowing about these dates — n says what they are