Timeline of PROJ                                                                       no answer  2026-03-02 -> 2026-03-02  one column: week
  KEY     SUMMARY                                  SOURCE     Mar                                                                           
--------------------------------------------------------------v-----------------------------------------------------------------------------
  The timeline could not be read.
  you need Browse Projects on PROJ to search it
  project = "PROJ" ORDER BY created ASC

  r tries the search again.











2 things worth knowing about these dates — n says what they are