Timeline of PROJ                                                                    0 of 0 dated  2026-03-02 -> 2026-03-02  one column: week
  KEY     SUMMARY                                  SOURCE     Mar                                                                           
--------------------------------------------------------------v-----------------------------------------------------------------------------
  No Jira connection in this session yet.















