  PROJ board · running and planned
-------------------------------------------------------------------------------------------- editing
  A new sprint on PROJ board, planned and not running

  name     Sprint 4                                                                                 
  goal     finish the port                                                                          
  start    2026-04-01                                                                               
  end      2026-03-01                                                                               
         a sprint cannot end before it starts

  ctrl+s sends it · esc discards it








