  PROJ board · running and planned
------------------------------------------------------------------------------------------ 2 sprints
> running   Sprint 2                        2026-02-16 -> 2026-03-09  Make it usable                
  planned   Sprint 3                        no dates yet                                            







  Sprint 2 | 2026-02-16 -> 2026-03-09 (UTC) | 4 days left
  Goal: Make it usable
  1 of 4 issues done · 0 of 7 points done