  PROJ board · running and planned
---------------------------------------------------------------------- 8 sprints
> running   Sprint 8                                  2026-03-02 -> 2026-03-16  
  planned   Sprint 7                                  2026-02-16 -> 2026-03-02  
  closed    Sprint 6                                  2026-02-02 -> 2026-02-16  
  closed    Sprint 5                                  2026-01-19 -> 2026-02-02  
  closed    Sprint 4                                  2026-01-05 -> 2026-01-19  
  closed    Sprint 3                                  2025-12-22 -> 2026-01-05  
  closed    Sprint 2                                  2025-12-08 -> 2025-12-22  
  closed    Sprint 1                                  2025-11-24 -> 2025-12-08  









