 saral | Issues                                                                            PROJ | example.atlassian.net 
┌────────────────────────────────────────────────────────────────────────────────────────────────────────────────────┐  
│ Where g goes                                                                                                       │  
│ > g1   Issues                  on screen                                                                           │  
│   g2   Board                   nothing has been checked on this site yet, so whether Board works here is unknown   │  
│   g3   Backlog                 nothing has been checked on this site yet, so whether Backlog works here is unknown │  
│   g4   Sprints                 nothing has been checked on this site yet, so whether Sprints works here is unknown │  
│   g5   Releases                                                                                                    │  
│   g6   Timeline                                                                                                    │  
│   g7   Plans                                                                                                       │  
│   g i  An issue by key or URL                                                                                      │  
│   g s  Settings                                                                                                    │  
│                                                                                                                    │  
│ In this view                                                                                                       │  
│   g g  first row                                                                                                   │  
│   g e  last row                                                                                                    │  
└────────────────────────────────────────────────────────────────────────────────────────────────────────────────────┘  
                                                                                                                        
                                                                                                                        
                                                                                                                        
                                                                                                                        
                                                                                                                        
                                                                                                                        
                                                                                                                        
                                                                                                                        
                                                                                                                        
                                                                                                                        
                                                                                                                        
                                                                                                                        
                                                                                                                        
                                                                                                                        
                                                                                                                        
                                                                                                                        
                                                                                                                        
                                                                                                                        
                                                                                                                        
                                                                                                                        
 Issues  1-9 switch view  i jump to an issue  s settings  up/down choose  enter go there  esc cancel