attach
 Issues                                                                                 ? ctrl+k esc
backlog
 Issues  space pick  v pick all  m move                                                 ? ctrl+k esc
board
 Issues  enter open  m move  b board  f filter by  F 1-9 quick filters                  ? ctrl+k esc
comment
 Issues  a write  e edit  d delete                                                      ? ctrl+k esc
filter
 Issues  enter choose                                                                   ? ctrl+k esc
form
 Issues  enter use this issue type                                                      ? ctrl+k esc
issue
 Issues  tab pane  e edit  t status  C comment                                          ? ctrl+k esc
issue.edit
 Issues  enter change  del empty  ctrl+s save  X discard                                ? ctrl+k esc
issue.move
 Issues  enter choose                                                                   ? ctrl+k esc
list
 Issues  enter open  f filter by  / filter  a all  e search  s save                       ? ctrl+k q
move
 Issues  enter use it  i type a key                                                     ? ctrl+k esc
onboarding
 Issues  enter continue                                                                       ctrl+k
palette
 Issues  enter run it  esc close                                                              ctrl+k
plans
 Issues  enter sources                                                                  ? ctrl+k esc
release.flow
 Issues  enter choose                                                                   ? ctrl+k esc
releases
 Issues  enter release  n new  e edit  A archive                                        ? ctrl+k esc
settings
 Issues  enter apply, open or run                                                       ? ctrl+k esc
sprints
 Issues  o closed                                                                       ? ctrl+k esc
timeline
 Issues  n notes                                                                        ? ctrl+k esc
