PROJ board · Sprint 2                                                      24 cards | 3 columns | ranked | checked 09:00
  Goal: Make it usable                                              4 days left | ---------- 0 of 36 Story Points done  
To Do                                 8 In Progress                           8 Done                                  8
+ > PROJ-3                              + o PROJ-1                            2 + o PROJ-2                              
| Investigate the onboarding wizard     | Add the nightly export                | Rework webhook retries                
|                                       |                                       |                                       
| Ada Lovelace | Urgent                 | Grace Hopper | Normal                 | Alan Turing | Whenever                
+                                       + frontend                              + infra customer                        
------------------------------------- 0 ------------------------------------ 36 ------------------------------------- 0