PROJ board                                         3 columns | 24 cards | ranked
To Do                    8 In Progress              8 Done                     8
>PROJ-3 Investigate the...  PROJ-1 Add the night... 2  PROJ-2 Rework webhook ...
 PROJ-6 Speed up sessio...  PROJ-4 Document CSV ... 5  PROJ-5 Retire the audi...
 PROJ-9 Rework the mobi...  PROJ-7 Fix the searc... 8  PROJ-8 Add invoice rou...
 PROJ-12 Retire the nig...  PROJ-10 Investigate ... 3  PROJ-11 Document the l...
 PROJ-15 Add CSV import     PROJ-13 Speed up web... 6  PROJ-14 Fix the onboar...
 PROJ-18 Document the s...  PROJ-16 Rework the a... 1  PROJ-17 Investigate se...
 PROJ-21 Fix the releas...  PROJ-19 Retire invoi... 4  PROJ-20 Speed up the m...
 PROJ-24 Investigate we...  PROJ-22 Add the logi... 7  PROJ-23 Rework the nig...
                                                                                
                                                                                
                                                                                
                                                                                
                                                                                
                                                                                
                                                                                
                                                                                
                                                                                
------------------------ 0 ----------------------- 36 ------------------------ 0