PROJ board                                                  3 columns | 16 cards
To Do                    5 In Progress              0 Done                     0
>PROJ-3 Investigate the...                                                      
SPROJ-6 Speed up sessio...                                                      
SPROJ-9 Rework the mobi...                                                      
SPROJ-12 Retire the nig...                                                      
SPROJ-15 Add CSV import                                                         
                                                                                
                                                                                
                                                                                
                                                                                
                                                                                
                                                                                
                                                                                
                                                                                
                                                                                
                                                                                
                                                                                
------------------------ 0 ------------------------ 0 ------------------------ 0
status: Triage x  ctrl+g clears everything