PROJ board                                                           3 columns | 16 cards | 16 hidden by filter | ranked
To Do                                 0 In Progress                           0 Done                                  0
  Every card this board maps a column to is hidden by the filter in force.















------------------------------------- 0 ------------------------------------- 0 ------------------------------------- 0
status: Triage x  | type: Bug x  ctrl+g clears everything