PROJ board                                   5 of 16 cards | 11 hidden by filter
To Do                    5 In Progress              0 Done                     0
> PROJ-3 Investigate th...                                                      
o PROJ-6 Speed up sessi...                                                      
o PROJ-9 Rework the mob...                                                      
o PROJ-12 Retire the ni...                                                      
o PROJ-15 Add CSV import                                                        
                                                                                
                                                                                
                                                                                
                                                                                
                                                                                
                                                                                
                                                                                
                                                                                
                                                                                
                                                                                
                                                                                
------------------------ 0 ------------------------ 0 ------------------------ 0
status: Triage x  ctrl+g clears everything