PROJ board · Sprint 2                                                       4 cards | 3 columns | ranked | checked 09:00
  Goal: Make it usable                                               4 days left | ---------- 0 of 7 Story Points done  
To Do                                 1 In Progress                           2 Done                                  1
> PROJ-3 Investigate the onboarding ... o PROJ-1 Add the nightly export       2 o PROJ-2 Rework webhook retries         
                                        o PROJ-4 Document CSV import          5                                         
                                                                                                                        
                                                                                                                        
                                                                                                                        
                                                                                                                        
                                                                                                                        
                                                                                                                        
                                                                                                                        
                                                                                                                        
                                                                                                                        
                                                                                                                        
                                                                                                                        
                                                                                                                        
                                                                                                                        
                                                                                                                        
------------------------------------- 0 ------------------------------------- 7 ------------------------------------- 0