PROJ board                                                                 3 columns | 24 cards | ranked | checked 09:00
To Do                                 8 In Progress                           8 Done                                  8
>PROJ-3 Investigate the onboarding w... EPROJ-1 Add the nightly export        2 CPROJ-2 Rework webhook retries          
SPROJ-6 Speed up session expiry         DPROJ-4 Document CSV import           5 CPROJ-5 Retire the audit trail          
SPROJ-9 Rework the mobile layout        DPROJ-7 Fix the search index          8 CPROJ-8 Add invoice rounding            
SPROJ-12 Retire the nightly export      DPROJ-10 Investigate the release c... 3 EPROJ-11 Document the login flow        
SPROJ-15 Add CSV import                 DPROJ-13 Speed up webhook retries     6 CPROJ-14 Fix the onboarding wizard      
SPROJ-18 Document the search index      DPROJ-16 Rework the audit trail       1 CPROJ-17 Investigate session expiry     
EPROJ-21 Fix the release checklist      DPROJ-19 Retire invoice rounding      4 CPROJ-20 Speed up the mobile layout     
SPROJ-24 Investigate webhook retries    DPROJ-22 Add the login flow           7 CPROJ-23 Rework the nightly export      
                                                                                                                        
                                                                                                                        
                                                                                                                        
                                                                                                                        
                                                                                                                        
                                                                                                                        
                                                                                                                        
                                                                                                                        
                                                                                                                        
------------------------------------- 0 ------------------------------------ 36 ------------------------------------- 0