PROJ board                                                           3 columns | 16 cards | 11 hidden by filter | ranked
To Do                                 5 In Progress                           0 Done                                  0
>PROJ-3 Investigate the onboarding w...                                                                                 
SPROJ-6 Speed up session expiry                                                                                         
SPROJ-9 Rework the mobile layout                                                                                        
SPROJ-12 Retire the nightly export                                                                                      
SPROJ-15 Add CSV import                                                                                                 
                                                                                                                        
                                                                                                                        
                                                                                                                        
                                                                                                                        
                                                                                                                        
                                                                                                                        
                                                                                                                        
                                                                                                                        
                                                                                                                        
                                                                                                                        
                                                                                                                        
------------------------------------- 0 ------------------------------------- 0 ------------------------------------- 0
status: Triage x  ctrl+g clears everything