PROJ board                                         24 cards | 3 columns | ranked
To Do                    8 In Progress              8 Done                     8
> PROJ-3 Investigate th... o PROJ-1 Add the nigh... 2 o PROJ-2 Rework webhook...
o PROJ-6 Speed up sessi... o PROJ-4 Document CSV... 5 o PROJ-5 Retire the aud...
o PROJ-9 Rework the mob... o PROJ-7 Fix the sear... 8 o PROJ-8 Add invoice ro...
o PROJ-12 Retire the ni... o PROJ-10 Investigate... 3 o PROJ-11 Document the ...
o PROJ-15 Add CSV import   o PROJ-13 Speed up we... 6 o PROJ-14 Fix the onboa...
o PROJ-18 Document the ... o PROJ-16 Rework the ... 1 o PROJ-17 Investigate s...
o PROJ-21 Fix the relea... o PROJ-19 Retire invo... 4 o PROJ-20 Speed up the ...
o PROJ-24 Investigate w... o PROJ-22 Add the log... 7 o PROJ-23 Rework the ni...
                                                                                
                                                                                
                                                                                
                                                                                
                                                                                
                                                                                
                                                                                
                                                                                
                                                                                
------------------------ 0 ----------------------- 36 ------------------------ 0