PROJ board                                                          6 cards | 3 columns | ranked | checked 08:30  stale 
To Do                                 2 In Progress                           2 Done                                  2
> PROJ-3 Investigate the onboarding ... o PROJ-1 Add the nightly export       2 o PROJ-2 Rework webhook retries         
o PROJ-6 Speed up session expiry        o PROJ-4 Document CSV import          5 o PROJ-5 Retire the audit trail         
                                                                                                                        
                                                                                                                        
                                                                                                                        
                                                                                                                        
                                                                                                                        
                                                                                                                        
                                                                                                                        
                                                                                                                        
                                                                                                                        
                                                                                                                        
                                                                                                                        
                                                                                                                        
                                                                                                                        
                                                                                                                        
                                                                                                                        
                                                                                                                        
                                                                                                                        
                                                                                                                        
                                                                                                                        
                                                                                                                        
                                                                                                                        
                                                                                                                        
                                                                                                                        
                                                                                                                        
                                                                                                                        
------------------------------------- 0 ------------------------------------- 7 ------------------------------------- 0