Ledger                                  15 cards | 2 columns
Backlog                    12 Done                        3
o PROJ-B4 card 4              o PROJ-D1 card 1              
o PROJ-B5 card 5              o PROJ-D2 card 2              
o PROJ-B6 card 6              o PROJ-D3 card 3              
o PROJ-B7 card 7                                            
o PROJ-B8 card 8                                            
o PROJ-B9 card 9                                            
o PROJ-B10 card 10                                          
o PROJ-B11 card 11                                          
> PROJ-B12 card 12                                          
----------------------------- -----------------------------