PROJ board · Sprint 2                              24 cards | 3 columns | ranked
  Goal: Make it usable      4 days left | ---------- 0 of 36 Story Points done  
To Do                    8 In Progress              8 Done                     8
+ > PROJ-3                 + o PROJ-1               2 + o PROJ-2                
| Investigate the          | Add the nightly export   | Rework webhook retries  
| onboarding wizard        |                          |                         
| Ada Lovelace | Urgent    | Grace Hopper | Normal    | Alan Turing | Whenever  
+                          + frontend                 + infra customer          
+ o PROJ-6                 + o PROJ-4               5 + o PROJ-5                
| Speed up session expiry  | Document CSV import      | Retire the audit trail  
|                          |                          |                         
| Ada... | due 16 Mar 2025 | Normal                   | Alan Turing | Whenever  
+                          + customer                 + PROJ-1 Add the nightl...
+ o PROJ-9                 + o PROJ-7               8 + o PROJ-8                
| Rework the mobile layout | Fix the search index     | Add invoice rounding    
|                          |                          |                         
| Ada Lovelace | Urgent    | Grace Hopper | Normal    | Whenever                
+                          + frontend                 + infra customer          
                                                                                
------------------------ 0 ----------------------- 36 ------------------------ 0