PROJ board · Sprint 2                                   0 cards | 3 columns | ranked | checked 09:00
  Goal: Make it usable                                 4 days left | ---------- 0 of 0 issues done  
To Do                          0 In Progress                    0 Done                           0
  No issue in PROJ is in a status this board maps.











------------------------------ 0 ------------------------------ 0 ------------------------------ 0