PROJ board                                              0 cards | 3 columns | ranked | checked 09:00
To Do                          0 In Progress                    0 Done                           0
  PROJ board has no sprint running.
  Its issues wait in the backlog until one starts.











------------------------------ 0 ------------------------------ 0 ------------------------------ 0