PROJ board                                              3 columns | 0 cards | ranked | checked 09:00
To Do                          0 In Progress                    0 Done                           0
  No issue in PROJ is in a status this board maps.












------------------------------ 0 ------------------------------ 0 ------------------------------ 0