Delivery · lanes by assignee                                               12 cards | 3 columns | ranked | checked 09:00
To do                                 4 Doing                                 4 Done                                  4
v Ada Lovelace  4                                                                                                       
o PROJ-4 Card number 4                                                          o PROJ-3 Card number 3                  
> PROJ-10 Card number 10                                                        o PROJ-9 Card number 9                  
> Grace Hopper  4                                                                                                       
v Unassigned  4                                                                                                         
                                        o PROJ-5 Card number 5                  o PROJ-6 Card number 6                  
                                        o PROJ-11 Card number 11                o PROJ-12 Card number 12                
                                                                                                                        
                                                                                                                        
                                                                                                                        
                                                                                                                        
                                                                                                                        
                                                                                                                        
                                                                                                                        
                                                                                                                        
                                                                                                                        
                                                                                                                        
                                                                                                                        
                                                                                                                        
                                                                                                                        
                                                                                                                        
--------------------------------------- --------------------------------------- ---------------------------------------