Delivery · lanes by assignee                                               12 cards | 3 columns | ranked | checked 09:00
To do                                 4 Doing                                 4 Done                                  4
> Ada Lovelace  4                                                                                                       
> Grace Hopper  4                                                                                                       
> Unassigned  4                                                                                                         
                                                                                                                        
                                                                                                                        
                                                                                                                        
                                                                                                                        
                                                                                                                        
                                                                                                                        
                                                                                                                        
                                                                                                                        
                                                                                                                        
                                                                                                                        
                                                                                                                        
                                                                                                                        
                                                                                                                        
                                                                                                                        
                                                                                                                        
                                                                                                                        
                                                                                                                        
                                                                                                                        
--------------------------------------- --------------------------------------- ---------------------------------------