PROJ board · Sprint 2                                            9 cards | 2 picked | 3 columns | ranked | checked 09:00
  Goal: Make it usable                                              4 days left | ---------- 0 of 15 Story Points done  
To Do                                 3 In Progress                           3 Done                                  3
+ PROJ-3 Investigate the onboarding ... o PROJ-1 Add the nightly export       2 o PROJ-2 Rework webhook retries         
+ PROJ-6 Speed up session expiry        o PROJ-4 Document CSV import          5 o PROJ-5 Retire the audit trail         
> PROJ-9 Rework the mobile layout       o PROJ-7 Fix the search index         8 o PROJ-8 Add invoice rounding           
                                                                                                                        
                                                                                                                        
                                                                                                                        
                                                                                                                        
                                                                                                                        
                                                                                                                        
                                                                                                                        
                                                                                                                        
                                                                                                                        
                                                                                                                        
                                                                                                                        
                                                                                                                        
------------------------------------- 0 ------------------------------------ 15 ------------------------------------- 0
  assign 2 cards to a name to look up                                                                → nobody (1 of 1)  