-- nothing but a key, roomy, 24 --
╭ EX-5                  |
│                       |
│                       |
│                       |
╰                       |
-- overdue, roomy, 24 --
╭   EX-1234 ▲          ◐|
│ Checkout fails when   |
│ the basket is empty a…|
│ Ada Love… • 2026-10-02|
╰ checkout payments • 2…|
-- nothing but a key, roomy, 80 --
╭ EX-5                                                                          |
│                                                                               |
│                                                                               |
│                                                                               |
╰                                                                               |
-- overdue, roomy, 80 --
╭   EX-1234 ▲ Bug                                                ◐ In Review  3d|
│ Checkout fails when the basket is empty and the coupon field is still open    |
│                                                                               |
│ Ada Lovelace • High • 2026-10-02 • 2/5                                        |
╰ checkout payments • 2026.4                                                    |
-- nothing but a key, compact, 24 --
╭ EX-5                  |
│                       |
╰                       |
-- overdue, compact, 24 --
╭   EX-1234 ▲          ◐|
│ Checkout fails when t…|
╰ Ada Love… • 2026-10-02|
-- nothing but a key, compact, 80 --
╭ EX-5                                                                          |
│                                                                               |
╰                                                                               |
-- overdue, compact, 80 --
╭   EX-1234 ▲ Bug                                                ◐ In Review  3d|
│ Checkout fails when the basket is empty and the coupon field is still open    |
╰ Ada Lovelace • High • 2026-10-02 • 2/5 • checkout payments • 2026.4           |
