-- list, resting --
╭ ▲ EX-1234 ▲ Bug                                                                                        ◐ In Review  3d|
│ Checkout fails when the basket is empty and the coupon field is still open                                            |
│                                                                                                                       |
│ Ada Lovelace • High • 2026-10-02 • 2/5                                                                                |
╰ checkout payments • 2026.4                                                                                            |
-- list, selected --
╭ ▸ EX-1234 ▲ Bug                                                                                        ◐ In Review  3d|
│ Checkout fails when the basket is empty and the coupon field is still open                                            |
│                                                                                                                       |
│ Ada Lovelace • High • 2026-10-02 • 2/5                                                                                |
╰ checkout payments • 2026.4                                                                                            |
-- list, picked --
╭ ✓ EX-1234 ▲ Bug                                                                                        ◐ In Review  3d|
│ Checkout fails when the basket is empty and the coupon field is still open                                            |
│                                                                                                                       |
│ Ada Lovelace • High • 2026-10-02 • 2/5                                                                                |
╰ checkout payments • 2026.4                                                                                            |
-- list, held --
╭ ◆ EX-1234 ▲ Bug                                                                                        ◐ In Review  3d|
│ Checkout fails when the basket is empty and the coupon field is still open                                            |
│                                                                                                                       |
│ Ada Lovelace • High • 2026-10-02 • 2/5                                                                                |
╰ checkout payments • 2026.4                                                                                            |
-- board, resting --
╭ ■ EX-87                                                                                                              5|
│ Cache the field catalogue between runs                                                                                |
│                                                                                                                       |
│ Ben Adams • Medium                                                                                                    |
╰ EX-12 Faster first paint                                                                                              |
-- board, selected --
╭ ▸ EX-87                                                                                                              5|
│ Cache the field catalogue between runs                                                                                |
│                                                                                                                       |
│ Ben Adams • Medium                                                                                                    |
╰ EX-12 Faster first paint                                                                                              |
-- board, picked --
╭ ✓ EX-87                                                                                                              5|
│ Cache the field catalogue between runs                                                                                |
│                                                                                                                       |
│ Ben Adams • Medium                                                                                                    |
╰ EX-12 Faster first paint                                                                                              |
-- board, held --
╭ ◆ EX-87                                                                                                              5|
│ Cache the field catalogue between runs                                                                                |
│                                                                                                                       |
│ Ben Adams • Medium                                                                                                    |
╰ EX-12 Faster first paint                                                                                              |
