something to run
  acts   enter run it · esc close
  full   [↓ down, ↑ up, pgdn page down, pgup page up]
  full   [enter run it, esc close]
a cached issue under the cursor
  acts   enter open it · esc close
  full   [↓ down, ↑ up, pgdn page down, pgup page up]
  full   [enter open it, esc close]
nothing matches
  acts   esc close
  full   [esc close]
