> what do you want to do?                                                                                                
-------------------------------------------------------------------------------------------------- none you can run here
  No command in this build can be run on this site.
  Move issues between projects | you need the Bulk Change permission to move issues between projects
  Move this issue | you need the Bulk Change permission to move issues between projects






















