> login                                                                                              
----------------------------------------------------------------------------------- 0 of 6 | 1 issue
> PROJ-142  Fix the login flow                  just now                                            


















