> iss                                                                                                                    
----------------------------------------------------------------------------------------------------------------- 4 of 6
> Issues                                        Go to                                                                 g1
  My issues                                     Search                                                                  
  Edit this issue                               Issue                                                                  e
  Create an issue                               Issues                                                                  





















