> r                                                                                                                      
------------------------------------------------------------------------------------------------------ 4 of 6 | 4 issues
> Write a comment                               Comments                                                               a
  Create an issue                               Issues                                                                  
  Use the dark theme                            Appearance                                                              
  My issues                                     Search                                                                  
  OTHER-7  Rework webhook retries               9m old                                                                  
  PROJ-9  (no title stored)                     3h old                                                                  
  PROJ-142  Fix the login flow                  just now                                                                
  PROJ-143  Speed up the nightly export         1d old                                                                  

















