> move                                                                                                                   
----------------------------------------------------------------------------------------------------------------- 0 of 6
  Nothing you can run here matches that.
  Move issues between projects | you need the Bulk Change permission to move issues between projects























