> what do you want to do?                                                                                                
------------------------------------------------------------------------------------------------------------- 6 commands
  Appearance                                                                                                            
> Use the dark theme                            Appearance                                                              
  Comments                                                                                                              
  Write a comment                               Comments                                                               a
  Go to                                                                                                                 
  Issues                                        Go to                                                                 g1
  Issue                                                                                                                 
  Edit this issue                               Issue                                                                  e
  Issues                                                                                                                
  Create an issue                               Issues                                                                  
  Search                                                                                                                
  My issues                                     Search                                                                  













