> what do you want to do?                                                                                                
----------------------------------------------------------------------------------------------------- nothing registered
  Nothing has registered a command in this build.
























