> what do you want to do?                                                        
--------------------------------------------------------------------- 6 commands
> Use the dark theme                            Appearance                      
  Write a comment                               Comments                       a
  Issues                                        Go to                         g1
  Edit this issue                               Issue                          e
  Create an issue                               Issues                          
  My issues                                     Search                          









