> zebra                                                                          
------------------------------------------------------------------------- 0 of 6
> Search issues for "zebra"                     Search                          
  Nothing matches "zebra".
  This session has nowhere to cache issues, so only commands are searched.


















