> which project?                                                                                                         
--------------------------------------------------------------------------------------------------------------- 3 scopes
> The whole site                                every project                                                           
  PROJ  (current)                               PROJ Project                                                            
  OPSHOP                                        OPSHOP Project                                                          














