 saral | Commands                                                                          PROJ | example.atlassian.net 
> what do you want to do?                                                                                               
------------------------------------------------------------------------------------------------------------ 25 commands
  Go to                                                                                                                 
> Issues                                        Go to                                                                 g1
  Switch view                                   Go to                                                              g 1-9
  Search                                                                                                                
  Clear the filter on these rows                Search                                                                  
  Drop every filter on these issues             Search                                                                  
  Edit this search                              Search                                                                 e
  Every issue in this project                   Search                                                                 a
  Filter by this row's assignee                 Search                                                                  
  Filter by this row's status                   Search                                                                  
  Filter by this row's type                     Search                                                                  
  Filter these issues by a person, a status...  Search                                                                 f
  Issues I reported                             Search                                                                  
  My issues                                     Search                                                                  
  Save this query to a number key               Search                                                                 S
  Sort these issues                             Search                                                                 s
  Unassigned issues                             Search                                                                  
  Session                                                                                                               
  Switch project                                Session                                                                 
  Comments                                                                                                              
  Delete the comment you are on                 Comments                                                               d
  Edit the comment you are on                   Comments                                                               e
  Write a comment                               Comments                                                               a
  Issue                                                                                                                 
  Change this issue's status                    Issue                                                                  t
  Comment on this issue                         Issue                                                                  C
 Issues  enter run it  esc close                                                                                  ctrl+k