PROJ-1 | 1 comment                                                               write  edit  delete
----------------------------------------------------------------------------------------------------
> Sam Tester | 02 Mar 2026 09:00                                                                    
    Reproduced on staging.                                                                          



















delete Sam Tester's comment from 02 Mar 2026 09:00, "Reprod...  y deletes it, any other key keeps it