PROJ-1 | 1 comment                                                               write  edit  delete
----------------------------------------------------------------------------------------------------
> Sam Tester | 02 Mar 2026 09:00                                                                    
    Reproduced on staging.                                                                          

















A new comment on PROJ-1                                        ctrl+s sends  esc keeps it as a draft
Markdown. Tables, lists, quotes and code fences all survive the round trip.                         
