PROJ-1 | 1 comment                                                               write  edit  delete
----------------------------------------------------------------------------------------------------
A new comment on PROJ-1
Markdown. Tables, lists, quotes and code fences all survive the round trip.                     
                                                                                                
                                                                                                
                                                                                                
                                                                                                
                                                                                                
                                                                                                
                                                                                                
                                                                                                
                                                                                                
                                                                                                
                                                                                                
                                                                                                
                                                                                                
                                                                                                
                                                                                                
                                                                                                
                                                                                                
                                                                                                
                                                                                                
  ctrl+s sends  esc keeps it as a draft