  PROJ board | 2 open sprints | 4 of 6 issues  stale 
> v Sprint 2 | active | 0 issues                                                                                        
  v Sprint 3 | future | 0 issues                                                                                        
  v Backlog | 4 issues                                                                                                  
    o PROJ-1  Add the nightly export                                                    ~ Building      Grace Hopper    
    o PROJ-3  Investigate the onboarding wizard                                         o Triage        Ada Lovelace    
    o PROJ-4  Document CSV import                                                       ~ Building      unassigned      
    o PROJ-6  Speed up session expiry                                                   o Triage        Ada Lovelace    





















  Rank order. Rows cannot be reordered here: nothing can write a rank.