  PROJ board | 2 open sprints | 2 of 12 issues | 6 hidden by filter
> v Sprint 2 | active | 0 issues                                                                                        
  v Sprint 3 | future | 0 issues                                                                                        
  v Backlog | 2 issues | 10 Story Points                                                                                
    o PROJ-1   Add the nightly export                                                   ~ Building      Grace Hopper    
    o PROJ-7   Fix the search index                                                     ~ Building      Grace Hopper    
















  Rank order. K, J, { and } change it within a section.
assignee: Grace Hopper x  | label: frontend x  ctrl+g clears everything