  PROJ board | 2 open sprints | 3 of 12 issues | 5 hidden by filter
> v Sprint 2 | active | 0 issues                                                                                        
  v Sprint 3 | future | 0 issues                                                                                        
  v Backlog | 3 issues | 13 Story Points                                                                                
    o PROJ-1   Add the nightly export                                                   ~ Building      Grace Hopper    
    o PROJ-7   Fix the search index                                                     ~ Building      Grace Hopper    
    o PROJ-10  Investigate the release checklist                                        ~ Building      Grace Hopper    















  Rank order. K, J, { and } change it within a section.
assignee: Grace Hopper x  ctrl+g clears everything