  PROJ board | 2 open sprints | 8 of 12 issues
> v Sprint 2 | active | 2 issues | 5 Story Points                               
+   PROJ-3 o Story                                                      o Triage
| Investigate the onboarding wizard                                             
|                                                                               
| Ada Lovelace | Urgent | 15 Jan 2027                                           
+                                                                               
+   PROJ-4 o Defect                                                ~ Building  5
| Document CSV import                                                           
|                                                                               
| Normal                                                                        
+ customer | 2.0                                                                
  v Sprint 3 | future | 0 issues                                                
  v Backlog | 6 issues | 13 Story Points                                        
+   PROJ-1 o Epic                                                  ~ Building  2
| Add the nightly export                                                        
|                                                                               
| Grace Hopper | Normal | 01 Mar | 1/3                                          
+ frontend                                                                      
  Rank order. K, J, { and } change it within a section.