│ Node          │ Accepted │ Note      │
│───────────────│──────────│───────────│
│ a cell        │          │ colspan 2 │
│ spanning two  │          │           │
│ columns       │          │           │
│ a cell        │ b        │ c         │
│ spanning two  │          │           │
│ rows          │          │           │
│               │ d        │ e         │