All issues in PROJ                                                                               checked 09:00  0 issues
  KEY     SUMMARY                                                TYPE       STATUS        ASSIGNEE          UPDATED     
  Nothing matches this search.
  project = "PROJ" ORDER BY updated DESC

























