 saral | Issues                                                                            PROJ | example.atlassian.net 
All issues in PROJ                                                                              checked 09:00  12 issues
  KEY      SUMMARY                                             TYPE        STATUS         ASSIGNEE          UPDATED     
> PROJ-12  Retire the nightly export                           o Story     o Triage       unassigned        03 Mar 10:00
  PROJ-11  Document the login flow                             o Epic      x Shipped      Alan Turing       03 Mar 08:00
  PROJ-10  Investigate the release checklist                   o Defect    ~ Building     Grace Hopper      03 Mar 06:00
  PROJ-9   Rework the mobile layout                            o Story     o Triage       Ada Lovelace      03 Mar 04:00
  PROJ-8   Add invoice rounding                                o Chore     x Shipped      unassigned        03 Mar 02:00
  PROJ-7   Fix the search index                                o Defect    ~ Building     Grace Hopper      03 Mar 00:00
  PROJ-6   Speed up session expiry                             o Story     o Triage       Ada Lovelace      02 Mar 22:00
  PROJ-5   Retire the audit trail                              o Chore     x Shipped      Alan Turing       02 Mar 20:00
  PROJ-4   Document CSV import                                 o Defect    ~ Building     unassigned        02 Mar 18:00
  PROJ-3   Investigate the onboarding wizard                   o Story     o Triage       Ada Lovelace      02 Mar 16:00
  PROJ-2   Rework webhook retries                              o Chore     x Shipped      Alan Turing       02 Mar 14:00
  PROJ-1   Add the nightly export                              o Epic      ~ Building     Grace Hopper      02 Mar 12:00
                                                                                                                        
                                                                                                                        
                                                                                                                        
                                                                                                                        
                                                                                                                        
                                                                                                                        
                                                                                                                        
                                                                                                                        
                                                                                                                        
                                                                                                                        
                                                                                                                        
                                                                                                                        
                                                                                                                        
 nothing anywhere on this site is assigned to this account, so this is every issue in PROJ                              
 Issues  enter open  f filter by  / filter  a all  e search  s sort  S save                                          ? q