 saral | Issues                                    PROJ | example.atlassian.net 
My issues in PROJ                                        checked 09:00  3 issues
  KEY     SUMMARY                                        TYPE       STATUS      
> PROJ-9  Rework the mobile layout                       Story      Triage      
  PROJ-6  Speed up session expiry                        Story      Triage      
  PROJ-3  Investigate the onboarding wizard              Story      Triage      
                                                                                
                                                                                
                                                                                
                                                                                
                                                                                
                                                                                
                                                                                
                                                                                
                                                                                
                                                                                
                                                                                
                                                                                
 refreshed: nothing has changed, still 3 issues                                 
 Issues  enter open  f filter by  / filter  a all  e search  s sort  S save  ? q