 saral | Issues                                                                            PROJ | example.atlassian.net 
My issues in PROJ                                                                                         stale 6 issues
  KEY     SUMMARY                                              TYPE        STATUS         ASSIGNEE          UPDATED     
> PROJ-1  Add the nightly export                               o Epic      ~ Building     Grace Hopper      02 Mar 12:00
  PROJ-2  Rework webhook retries                               o Chore     x Shipped      Alan Turing       02 Mar 14:00
  PROJ-3  Investigate the onboarding wizard                    o Story     o Triage       Ada Lovelace      02 Mar 16:00
  PROJ-4  Document CSV import                                  o Defect    ~ Building     unassigned        02 Mar 18:00
  PROJ-5  Retire the audit trail                               o Chore     x Shipped      Alan Turing       02 Mar 20:00
  PROJ-6  Speed up session expiry                              o Story     o Triage       Ada Lovelace      02 Mar 22:00
                                                                                                                        
                                                                                                                        
                                                                                                                        
                                                                                                                        
                                                                                                                        
                                                                                                                        
                                                                                                                        
                                                                                                                        
                                                                                                                        
                                                                                                                        
                                                                                                                        
                                                                                                                        
                                                                                                                        
                                                                                                                        
                                                                                                                        
                                                                                                                        
                                                                                                                        
                                                                                                                        
                                                                                                                        
search failed: dial tcp: no such host                                                                                   
 Issues  enter open  f filter by  / filter  a all  e search  s sort  S save                                          ? q