My issues in PROJ                                        checked 09:00  3 issues
  KEY     SUMMARY                                        TYPE       STATUS      
> PROJ-9  Rework the mobile layout                       Story      Triage      
  PROJ-6  Speed up session expiry                        Story      Triage      
  PROJ-3  Investigate the onboarding wizard              Story      Triage      














jql nee = currentUser() ORDER BY updated DESC  enter runs it, esc keeps this one