choosing an issue type
  short  ↓/j down · ↑/k up · enter use this issue type
  full   [↓/j down, ↑/k up, home first row, end last row, enter use this issue type]
the field list
  short  ↓/j down · ↑/k up · enter edit this field · ctrl+s create the issue
  full   [↓/j down, ↑/k up, pgdn page down, pgup page up, home first row, end last row]
  full   [enter edit this field, ctrl+d empty this field, ctrl+s create the issue, ctrl+t change the issue type]
a one-line field open
  short  enter take this value · esc close the editor, keeping what is typed
  full   [enter take this value, esc close the editor, keeping what is typed]
the long-text pane open
  short  ctrl+d finish this text · esc close the editor, keeping what is typed
  full   [ctrl+d finish this text, esc close the editor, keeping what is typed]
the value chooser open
  short  ↓ next value · ↑ previous value · tab pick or unpick · enter take this value · esc close the editor, keeping what is typed
  full   [↓ next value, ↑ previous value, pgdn page down, pgup page up]
  full   [tab pick or unpick, enter take this value, esc close the editor, keeping what is typed]
