New Story in PROJ                                                                                   
  Summary *     empty * text                                                                        
  Parent        empty * PROJ-142                                                                    
  Description   empty * rich text                                                                   
  Assignee      empty * person                                                                      
  Labels        empty * labels, separated by spaces                                                 
  Priority      empty * Jira will use Normal                                                        
  Due Date      empty * 2026-03-27                                                                  
  Story Points  empty * number                                                                      
  v 2 fields not on this form                                                                       
      Issue Type (required) * this form creates a Story, the issue type it was opened for           
      Project (required) * this form creates the issue in PROJ, the project it was opened for       
  -> Create the issue                                                                               










