New Story in PROJ                               
  Summary *     empty * text                    
  Parent        empty * PRO...                  
  Description   empty * ric...                  
> Assignee      empty * person                  
  Labels        empty * lab...                  
Assignee  enter takes one, esc is done          
/a                                              
  type a name to look people up on the site     
    Sam Tester (me)                             
    Ada Lovelace                                
    Alan Turing                                 
    Grace Hopper                                
