New Story in PROJ                                                                                   
> Summary *     empty * text                              x this field is required                  
  Parent        empty * PROJ-142                                                                    
  Description   empty * rich text                                                                   
  Assignee      empty * person                                                                      
  Labels        empty * labels, separated by spaces                                                 
  Priority      empty * choice                                                                      
  Due Date      empty * 2026-03-27                                                                  
  Story Points  quite a few                               x "quite a few" is not a number           
  > 2 fields not on this form                                                                       
  -> Create the issue                                                                               












