New issue in PROJ                                                                                   
  Which kind of issue?
> Chore                                                                                             
  Defect                                                                                            
  Story                                                                                             
  Epic                                                                                              

















