search login                                                                                              [all projects]
5 issues, newest first                                                                                                  
------------------------------------------------------------------------------------------------------------------------
> o  PROJ-1   Login timeout after a minute                                          o To Do         Ada Lovelace      2h
  o  OTHER-7  Login redirect loop                                                   x Shipped       unassigned        3h
  o  PROJ-2   Report export                                                         ~ In Progress   Grace Hopper      5h
  o  PROJ-3   İstanbul office login                                                 x Shipped       unassigned        1d
  o  PROJ-4   Straße address login 🚀                                               o To Do         Ada Lovelace      2d






















