search login                                                                                              [all projects]
the search did not run                                                                                                  
────────────────────────────────────────────────────────────────────────────────────────────────────────────────────────
this token cannot browse any project                                                                                    


























