search words from a summary, description or comment                                                       [all projects]
Type to search every project                                                                                            
────────────────────────────────────────────────────────────────────────────────────────────────────────────────────────



























