search login                                                                                              [all projects]
searching…                                                                                                              
────────────────────────────────────────────────────────────────────────────────────────────────────────────────────────
Searching all projects…                                                                                                 


























