search paging widget                                                                                      [all projects]
200+ issues, newest first                                                                                               
────────────────────────────────────────────────────────────────────────────────────────────────────────────────────────
  ○  PROJ-1174  Paging widget 174                                                   ◐ In Progress   unassigned        7d
  ○  PROJ-1175  Paging widget 175                                                   ◐ In Progress   unassigned        7d
  ○  PROJ-1176  Paging widget 176                                                   ◐ In Progress   unassigned        7d
  ○  PROJ-1177  Paging widget 177                                                   ◐ In Progress   unassigned        7d
  ○  PROJ-1178  Paging widget 178                                                   ◐ In Progress   unassigned        7d
  ○  PROJ-1179  Paging widget 179                                                   ◐ In Progress   unassigned        7d
  ○  PROJ-1180  Paging widget 180                                                   ◐ In Progress   unassigned        7d
  ○  PROJ-1181  Paging widget 181                                                   ◐ In Progress   unassigned        7d
  ○  PROJ-1182  Paging widget 182                                                   ◐ In Progress   unassigned        8d
  ○  PROJ-1183  Paging widget 183                                                   ◐ In Progress   unassigned        8d
  ○  PROJ-1184  Paging widget 184                                                   ◐ In Progress   unassigned        8d
  ○  PROJ-1185  Paging widget 185                                                   ◐ In Progress   unassigned        8d
  ○  PROJ-1186  Paging widget 186                                                   ◐ In Progress   unassigned        8d
  ○  PROJ-1187  Paging widget 187                                                   ◐ In Progress   unassigned        8d
  ○  PROJ-1188  Paging widget 188                                                   ◐ In Progress   unassigned        8d
  ○  PROJ-1189  Paging widget 189                                                   ◐ In Progress   unassigned        8d
  ○  PROJ-1190  Paging widget 190                                                   ◐ In Progress   unassigned        8d
  ○  PROJ-1191  Paging widget 191                                                   ◐ In Progress   unassigned        8d
  ○  PROJ-1192  Paging widget 192                                                   ◐ In Progress   unassigned        8d
  ○  PROJ-1193  Paging widget 193                                                   ◐ In Progress   unassigned        8d
  ○  PROJ-1194  Paging widget 194                                                   ◐ In Progress   unassigned        8d
  ○  PROJ-1195  Paging widget 195                                                   ◐ In Progress   unassigned        8d
  ○  PROJ-1196  Paging widget 196                                                   ◐ In Progress   unassigned        8d
  ○  PROJ-1197  Paging widget 197                                                   ◐ In Progress   unassigned        8d
  ○  PROJ-1198  Paging widget 198                                                   ◐ In Progress   unassigned        8d
  ○  PROJ-1199  Paging widget 199                                                   ◐ In Progress   unassigned        8d
  more match — L shows every one in the issue list                                                                      
