search zebra                                                                                              [all projects]
0 issues                                                                                                                
────────────────────────────────────────────────────────────────────────────────────────────────────────────────────────
Jira found no issues for “zebra” in all projects.                                                                       


























