search PROJ-9                                                                                             [all projects]
2 issues, newest first                                                                                                  
────────────────────────────────────────────────────────────────────────────────────────────────────────────────────────
▸ ○  PROJ-9   PROJ-9 crashes on start                                               ○ To Do         Ada Lovelace     key
  ○  PROJ-10  See proj 9 for the context                                            ◐ In Progress   Grace Hopper      6h

























