search login                                                                                              [all projects]
the search did not run                                                                                                  
────────────────────────────────────────────────────────────────────────────────────────────────────────────────────────
Jira asked to wait 30s before searching again.                                                                          


























