 saral • Search                                                                            PROJ • example.atlassian.net 
search login                                                                                              [all projects]
5 issues, newest first                                                                                                  
────────────────────────────────────────────────────────────────────────────────────────────────────────────────────────
  ○  PROJ-1   Login timeout after a minute                                          ○ To Do         Ada Lovelace      2h
▸ ○  OTHER-7  Login redirect loop                                                   ● Shipped       unassigned        3h
  ○  PROJ-2   Report export                                                         ◐ In Progress   Grace Hopper      5h
  ○  PROJ-3   İstanbul office login                                                 ● Shipped       unassigned        1d
  ○  PROJ-4   Straße address login 🚀                                               ○ To Do         Ada Lovelace      2d
                                                                                                                        
                                                                                                                        
                                                                                                                        
                                                                                                                        
                                                                                                                        
                                                                                                                        
                                                                                                                        
                                                                                                                        
                                                                                                                        
                                                                                                                        
                                                                                                                        
                                                                                                                        
                                                                                                                        
                                                                                                                        
                                                                                                                        
                                                                                                                        
                                                                                                                        
                                                                                                                        
                                                                                                                        
                                                                                                                        
 Issues  enter open  / search  tab scope  L in list                                                              ? g esc
