search login                                                                                              [all projects]
the search did not run                                                                                                  
────────────────────────────────────────────────────────────────────────────────────────────────────────────────────────
The site could not be reached: dial tcp: lookup example.atlassian.net: no such host                                     


























