{
  "key": "PROJ-1",
  "id": "20001",
  "url": "https://example.atlassian.net/browse/PROJ-1",
  "project": {
    "key": "PROJ",
    "name": "PROJ Project"
  },
  "type": {
    "id": "10304",
    "name": "Epic",
    "subtask": false
  },
  "status": {
    "id": "10202",
    "name": "Building",
    "category": "indeterminate"
  },
  "summary": "Add the nightly export",
  "priority": {
    "id": "10402",
    "name": "Normal"
  },
  "resolution": null,
  "assignee": {
    "accountId": "acct-grace",
    "displayName": "Grace Hopper",
    "email": ""
  },
  "reporter": {
    "accountId": "acct-alan",
    "displayName": "Alan Turing",
    "email": ""
  },
  "labels": [
    "frontend"
  ],
  "components": [],
  "fixVersions": [],
  "parent": null,
  "subtasks": [],
  "links": [],
  "due": null,
  "created": "2025-03-02T10:00:00Z",
  "updated": "2025-03-02T12:00:00Z",
  "resolved": null,
  "timeTracking": null,
  "description": "Add the nightly export.\n\n- Filed against PROJ-1.\n- Only happens for accounts created before the migration.",
  "fields": {
    "customfield_13401": {
      "name": "Story Points",
      "value": 2
    },
    "customfield_13404": {
      "name": "Rank",
      "value": "0|i00001:"
    }
  }
}
